
################################################################################

 PACKMOL - Packing optimization for the automated generation of
 starting configurations for molecular dynamics simulations.
 
                                                             Version 21.1.3 

################################################################################

  Packmol must be run with: packmol < inputfile.inp 

  Userguide at: http://m3g.iqm.unicamp.br/packmol 

  Reading input file... (Control-C aborts)
  Types of coordinate files specified: xyz
  Periodic boundary condition activated: 
    Minimum coordinates:     0.00    0.00    0.00
    Maximum coordinates:    17.10   17.10   17.10
  Optional precision set:    1.0000000000000000E-002
  Seed for random number generator:       191917
  Output file: li3po4_packmol.xyz
  Reading coordinate file: Li.xyz
  Reading coordinate file: PO4.xyz
  Number of independent structures:            2
  The structures are: 
  Structure            1 :Li atom template(           1  atoms)
  Structure            2 :PO4 tetrahedral unit template(           5  atoms)
  Maximum number of GENCAN loops for all molecule packing:          400
  Distance tolerance:    1.8000000000000000     
  Number of molecules of type            1 :          192
  Number of molecules of type            2 :           64
  Total number of restrictions:            2
  Total number of atoms:          512
  Total number of molecules:          256
  Number of fixed molecules:            0
  Number of free molecules:          256
  Number of variables:         1536
  Total number of fixed atoms:            0
  PBC on: Constraint automatically added to non-fixed atoms:
  -> inside box     0.00    0.00    0.00   17.10   17.10   17.10
  Updated total number of restrictions:            3
  Maximum internal distance of type            1 :    0.0000000000000000     
  Maximum internal distance of type            2 :    2.5148094693930938     
  All atoms must be within these coordinates: 
   x: [   -1000.0000000000000      ,    1000.0000000000000       ] 
   y: [   -1000.0000000000000      ,    1000.0000000000000       ] 
   z: [   -1000.0000000000000      ,    1000.0000000000000       ] 
  If the system is larger than this, increase the sidemax parameter. 

################################################################################

  Building initial approximation ... 

################################################################################

  Adjusting initial point to fit the constraints 

--------------------------------------------------------------------------------

--------------------------------------------------------------------------------

  Molecules of type:            1

  Packing:|0                                                        100%|
          |***

  Restraint-only function value:    3.1790949886345513E-011
  Maximum violation of the restraints:    1.2286734794809210E-012

--------------------------------------------------------------------------------

  Molecules of type:            2

  Packing:|0                                                        100%|
          |*********************

  Restraint-only function value:    1.6825797200050278E-003
  Maximum violation of the restraints:    1.3025819337692142E-003

--------------------------------------------------------------------------------

  Rescaling maximum and minimum coordinates... 
  Mininum and maximum coordinates after constraint fitting: 
   x: [   -2.5520402953021864E-002 ,    17.102534564128632       ] 
   y: [   -1.3783994633346605E-002 ,    17.102534532505388       ] 
   z: [   -5.3191490678727860E-007 ,    17.102534551579083       ] 
  Computing size of patches... 
  Number of cells in each direction and cell sides: 
   x:            8  cells of size    2.1378167499999998     
   y:            8  cells of size    2.1378167499999998     
   z:            8  cells of size    2.1378167499999998     
  Cell-system length:   17.10253  17.10253  17.10253
  Reseting center of mass... 

--------------------------------------------------------------------------------

  Setting initial trial coordinates ... 

--------------------------------------------------------------------------------

--------------------------------------------------------------------------------

  Molecules of type:            1
  Adjusting random positions to fit the constraints. 
  Restraint-only function value:    0.0000000000000000     
  Maximum violation of the restraints:    0.0000000000000000     

--------------------------------------------------------------------------------

  Molecules of type:            2
  Adjusting random positions to fit the constraints. 
  Packing:|0                                                        100%|
          |***
  Restraint-only function value:    0.0000000000000000     
  Maximum violation of the restraints:    0.0000000000000000     

################################################################################

  Objective function at initial point:    1585.8465543629206     

################################################################################

  Packing molecules of type:            1

################################################################################


--------------------------------------------------------------------------------

  Starting GENCAN loop:            0
  Scaling radii by:    1.1000000000000001     

  Packing:|0                                                        100%|
          |*********************************

  Function value from last GENCAN loop: f = .00000E+00
  Best function value before: f = .20857E+03
  Improvement from best function value:    99.99 %
  Improvement from last loop:    99.99 %
  Maximum violation of target distance:     0.000000
  Maximum violation of the constraints: .00000E+00
  Current structure written to file: li3po4_packmol.xyz
--------------------------------------------------------------------------------
  Packing solved for molecules of type           1
  Objective function value:    0.0000000000000000     
  Maximum violation of target distance:    0.0000000000000000     
  Max. constraint violation:    0.0000000000000000     
--------------------------------------------------------------------------------

################################################################################

  Packing molecules of type:            2

################################################################################


--------------------------------------------------------------------------------

  Starting GENCAN loop:            0
  Scaling radii by:    1.1000000000000001     

  Packing:|0                                                        100%|
          |*********************************

  Function value from last GENCAN loop: f = .10797E-02
  Best function value before: f = .64877E+03
  Improvement from best function value:    99.99 %
  Improvement from last loop:    99.99 %
  Maximum violation of target distance:     0.000000
  Maximum violation of the constraints: .10554E-02
  Current structure written to file: li3po4_packmol.xyz
--------------------------------------------------------------------------------
  Packing solved for molecules of type           2
  Objective function value:    1.0796613901632834E-003
  Maximum violation of target distance:    0.0000000000000000     
  Max. constraint violation:    1.0554149211325966E-003
--------------------------------------------------------------------------------

################################################################################

  Packing all molecules together 

################################################################################


--------------------------------------------------------------------------------

  Starting GENCAN loop:            0
  Scaling radii by:    1.1000000000000001     

  Packing:|0                                                        100%|
          |*************************************************************|


  Function value from last GENCAN loop: f = .15680E-01
  Best function value before: f = .69248E+03
  Improvement from best function value:    99.99 %
  Improvement from last loop:    99.99 %
  Maximum violation of target distance:     0.000000
  Maximum violation of the constraints: .95347E-02

################################################################################

                                 Success! 
              Final objective function value: .15680E-01
              Maximum violation of target distance:   0.000000
              Maximum violation of the constraints: .95347E-02

--------------------------------------------------------------------------------

              Please cite this work if Packmol was useful: 

           L. Martinez, R. Andrade, E. G. Birgin, J. M. Martinez, 
         PACKMOL: A package for building initial configurations for
                   molecular dynamics simulations. 
        Journal of Computational Chemistry, 30(13) pp. 2157-2164, 2009.
                  https://doi.org/10.1002/jcc.21224

################################################################################

  Solution written to file: li3po4_packmol.xyz

--------------------------------------------------------------------------------

   Running time:    5.52130006E-02  seconds. 

--------------------------------------------------------------------------------


