
################################################################################

 PACKMOL - Packing optimization for the automated generation of
 starting configurations for molecular dynamics simulations.
 
                                                             Version 21.1.3 

################################################################################

  Packmol must be run with: packmol < inputfile.inp 

  Userguide at: http://m3g.iqm.unicamp.br/packmol 

  Reading input file... (Control-C aborts)
  Types of coordinate files specified: xyz
  Seed for random number generator:      1234567
  Output file: li3po4_packmol.xyz
  Reading coordinate file: Li.xyz
  Reading coordinate file: PO4.xyz
  Number of independent structures:            2
  The structures are: 
  Structure            1 :Li atom template(           1  atoms)
  Structure            2 :PO4 tetrahedral unit template(           5  atoms)
  Maximum number of GENCAN loops for all molecule packing:          400
  Distance tolerance:    1.8000000000000000     
  Number of molecules of type            1 :          192
  Number of molecules of type            2 :           64
  Total number of restrictions:            2
  Total number of atoms:          512
  Total number of molecules:          256
  Number of fixed molecules:            0
  Number of free molecules:          256
  Number of variables:         1536
  Total number of fixed atoms:            0
  Maximum internal distance of type            1 :    0.0000000000000000     
  Maximum internal distance of type            2 :    2.5148094693930938     
  All atoms must be within these coordinates: 
   x: [   -1000.0000000000000      ,    1000.0000000000000       ] 
   y: [   -1000.0000000000000      ,    1000.0000000000000       ] 
   z: [   -1000.0000000000000      ,    1000.0000000000000       ] 
  If the system is larger than this, increase the sidemax parameter. 

################################################################################

  Building initial approximation ... 

################################################################################

  Adjusting initial point to fit the constraints 

--------------------------------------------------------------------------------

--------------------------------------------------------------------------------

  Molecules of type:            1

  Packing:|0                                                        100%|
          |***

  Restraint-only function value:    1.5420390167065648E-011
  Maximum violation of the restraints:    4.1836314805222442E-013

--------------------------------------------------------------------------------

  Molecules of type:            2

  Packing:|0                                                        100%|
          |*********************

  Restraint-only function value:    5.8177717457933075E-003
  Maximum violation of the restraints:    4.5086999865350860E-003

--------------------------------------------------------------------------------

  Rescaling maximum and minimum coordinates... 
  Mininum and maximum coordinates after constraint fitting: 
   x: [   -6.7146853884117952E-002 ,    17.102534549824213       ] 
   y: [   -5.4678707783750724E-007 ,    17.127786988597176       ] 
   z: [   -4.7470268782490166E-007 ,    17.128164138448394       ] 
  Computing size of patches... 
  Number of cells in each direction and cell sides: 
   x:           10  cells of size    2.1129681403708331     
   y:           10  cells of size    2.1087787535384255     
   z:           10  cells of size    2.1088164613151084     
  Cell-system length:   21.12968  21.08779  21.08816
  Reseting center of mass... 

--------------------------------------------------------------------------------

  Setting initial trial coordinates ... 

--------------------------------------------------------------------------------

--------------------------------------------------------------------------------

  Molecules of type:            1
  Adjusting random positions to fit the constraints. 
  Restraint-only function value:    0.0000000000000000     
  Maximum violation of the restraints:    0.0000000000000000     

--------------------------------------------------------------------------------

  Molecules of type:            2
  Adjusting random positions to fit the constraints. 
  Packing:|0                                                        100%|
          |***
  Restraint-only function value:    1.3354928582143182E-004
  Maximum violation of the restraints:    1.3354928582143182E-004

################################################################################

  Objective function at initial point:    1400.9835092435635     

################################################################################

  Packing molecules of type:            1

################################################################################


--------------------------------------------------------------------------------

  Starting GENCAN loop:            0
  Scaling radii by:    1.1000000000000001     

  Packing:|0                                                        100%|
          |************************

  Function value from last GENCAN loop: f = .87414E-04
  Best function value before: f = .17277E+03
  Improvement from best function value:    99.99 %
  Improvement from last loop:    99.99 %
  Maximum violation of target distance:     0.000000
  Maximum violation of the constraints: .73450E-04
  Current structure written to file: li3po4_packmol.xyz
--------------------------------------------------------------------------------
  Packing solved for molecules of type           1
  Objective function value:    8.7414393255571377E-005
  Maximum violation of target distance:    0.0000000000000000     
  Max. constraint violation:    7.3450457529298149E-005
--------------------------------------------------------------------------------

################################################################################

  Packing molecules of type:            2

################################################################################


--------------------------------------------------------------------------------

  Starting GENCAN loop:            0
  Scaling radii by:    1.1000000000000001     

  Packing:|0                                                        100%|
          |*********************************************

  Function value from last GENCAN loop: f = .19484E-01
  Best function value before: f = .62494E+03
  Improvement from best function value:    99.99 %
  Improvement from last loop:    99.99 %
  Maximum violation of target distance:     0.000000
  Maximum violation of the constraints: .58736E-02
  Current structure written to file: li3po4_packmol.xyz
--------------------------------------------------------------------------------
  Packing solved for molecules of type           2
  Objective function value:    1.9483763942999121E-002
  Maximum violation of target distance:    0.0000000000000000     
  Max. constraint violation:    5.8736121766778454E-003
--------------------------------------------------------------------------------

################################################################################

  Packing all molecules together 

################################################################################


--------------------------------------------------------------------------------

  Starting GENCAN loop:            0
  Scaling radii by:    1.1000000000000001     

  Packing:|0                                                        100%|
          |*************************************************************|

  Function value from last GENCAN loop: f = .46296E+00
  Best function value before: f = .58585E+03
  Improvement from best function value:    99.92 %
  Improvement from last loop:    99.92 %
  Maximum violation of target distance:     0.000000
  Maximum violation of the constraints: .11789E+00

--------------------------------------------------------------------------------


--------------------------------------------------------------------------------

  Starting GENCAN loop:            1
  Scaling radii by:    1.1000000000000001     

  Packing:|0                                                        100%|
          |************************

  Function value from last GENCAN loop: f = .18112E-01
  Best function value before: f = .46296E+00
  Improvement from best function value:    96.09 %
  Improvement from last loop:    96.09 %
  Maximum violation of target distance:     0.000000
  Maximum violation of the constraints: .94691E-02

################################################################################

                                 Success! 
              Final objective function value: .18112E-01
              Maximum violation of target distance:   0.000000
              Maximum violation of the constraints: .94691E-02

--------------------------------------------------------------------------------

              Please cite this work if Packmol was useful: 

           L. Martinez, R. Andrade, E. G. Birgin, J. M. Martinez, 
         PACKMOL: A package for building initial configurations for
                   molecular dynamics simulations. 
        Journal of Computational Chemistry, 30(13) pp. 2157-2164, 2009.
                  https://doi.org/10.1002/jcc.21224

################################################################################

  Solution written to file: li3po4_packmol.xyz

--------------------------------------------------------------------------------

   Running time:    6.18870035E-02  seconds. 

--------------------------------------------------------------------------------


